> source('~/nyc-sales-data/R/00-script.R', echo=TRUE)

> ## run the entire analysis from this script file
> script_start <- Sys.time()

> # load/install necessary packages (ask first) and source the various project functions:
> source("R/helper/display-opener.R")

PREDICTIVE MODELING USING NYC SALES DATA
     Creates and evaluates 2 predictive
     models across severl different feature
     sets for comparrisson.

     timothy.j.kiely@gmail.com

2018-06-08 13:43:08


> source("R/helper/load-packages.R")
checking if packages are installed...
loading packages...
packages loaded successfully

> source("R/helper/source-files.R")
Sourcing project functions...

> # checking file structure
> project_makefile()
Checking project directory structure...

> # parse command arguments passed to 'Rscript R/00-script.R'
> # for arguments, enter 'Rscript R/00-script.R -h' on the command line
> cli_args <- pa .... [TRUNCATED] 

> cli_args$`skip-dl` = TRUE

> cli_args$`skip-pp` = FALSE

> cli_args$`run-radii` = TRUE

> cli_args$`run-sample` = FALSE

> # data --------------------------------------------------------------------
> if(cli_args$`skip-dl` == TRUE) message("=====> Bypassing download func ..." ... [TRUNCATED] 
=====> Bypassing download functions

> # processing --------------------------------------------------------------
> if(cli_args$`skip-pp` == TRUE) message("=====> Bypassing preprocessing ..." ... [TRUNCATED] 
## Starting combine_sales_and_pad function.
Loading and processing PAD data...
     ...done
Loading and processing PLUTO data...
     ...done
Loading and processing SALES data...
     ...done
Processing done. Overall mapping error rates by processing step:
     ...Sales maping error rate directly to PLUTO: 23.1%
     ...Sales with PAD BBLs added mapping error rate: 0.291%
     ...Final overall mapping error rate: 0.291%
Done. Sales data combined with PAD. Outfile written to data/processing steps/p04_sales_and_pad.rds
## Combining PLUTO with Sales data
Loading PLUTO, SALES+PAD data...
Normalizing the sales data...
Merging sales data with PLUTO...
     ...done
Merge time: 3.43mins
Writing PLUTO with sales to disk...
Done. Pluto combined with sales and written to data/processing steps/p05_pluto_with_sales.rds
## Creating Base Modeling Data
Loading PLUTO...
Applying data cleansing...
Applying global filtering to data...
Filtering finished. Went from 12,012,780 rows to 8,247,499 rows.
Partitioning PLUTO...
Executing base feature engineering...
     ...done. Input 69 variables and output 92 variables.  Total rows: 8,247,499
Re-combining PLUTO...
Writing base modeling data to disk...
     ...done. Base modeling data written to data/processing steps/p06_base_model_data.rds
## Creating Zipcode Modeling Data
Loading BASE modeling data...
Executing ZIP feature engineering...
     ...Engineering done. Input 92 variables and output 122 variables
Writing ZIPCODE modeling data to disk...
     ...done. ZIPCODE modeling data written to data/processing steps/p07_zipcode_model_data.rds
## Creating RADII Modeling Data
Loading BASE model data...
Creating radii comps...

Running spatial indexing on 514,124 points
ID column: bbl
Max distance: 500 units=m
Number of partions: 7 by 7, 49 total data partitions
Parallel: TRUE with number of clusters set to 62

     ...done. Total indexing time: 5 mins
Writing radii index to disk...
     ...done
Creating radii features...
Running RADII feature creation
     Starting radii feature creation at 2018-06-08 14:30:24 ...
     Building sales features...
     Creating building features...
     Building moving average features...
     Building intensity features...
     Joining new features to original data...
Radii feature creation time: 3.47 hours
     ...done
Writing radii features to disk...
     ...done. Writing took 3.99mins
     ...Engineering done. Input 92 variables and output 194 variables
Writing RADII modeling data to disk...
     ...done. RADII modeling data written to data/processing steps/p08_radii_model_data.rds

> # Prob of sale model ------------------------------------------------------
> 
> # base data
> run_probability_model(model_data_infile = "data/proce ..." ... [TRUNCATED] 

#============= PROBABILITY model: BASE DATA =================#
Reading base data...
     ...done.
Initiating h2o clusters...
openjdk version "1.8.0_171"
OpenJDK Runtime Environment (build 1.8.0_171-8u171-b11-0ubuntu0.16.04.1-b11)
OpenJDK 64-Bit Server VM (build 25.171-b11, mixed mode)
     Training Model for Variable Selection Step...
Model training time:6.23mins
   Running model with variables accounting for 80% of VarImp...
     Training Actual Model...
Model training time:20.42mins
Probability Model AUC: 0.83
Writing model results to disk...
     ...done.
Done. Total PROBABILITY model time: 41.76mins
Probability modeling output written to data/processing steps/p09_prob_of_sale_model_base.rds

> # zipcode data
> run_probability_model(model_data_infile = "data/processing steps/p07_zipcode_model_data.rds"
+                       , outfile = "d ..." ... [TRUNCATED] 

#============= PROBABILITY model: ZIPCODE DATA =================#
Reading base data...
     ...done.
Initiating h2o clusters...
     Training Model for Variable Selection Step...
Model training time:14.04mins
   Running model with variables accounting for 80% of VarImp...
     Training Actual Model...
Model training time:29.15mins
Probability Model AUC: 0.8246
Writing model results to disk...
     ...done.
Done. Total PROBABILITY model time: 57.91mins
Probability modeling output written to data/processing steps/p10_prob_of_sale_model_zipcode.rds

> # radii data
> run_probability_model(model_data_infile = "data/processing steps/p08_radii_model_data.rds"
+                       , outfile = "data/ ..." ... [TRUNCATED] 

#============= PROBABILITY model: RADII DATA =================#
Reading base data...
     ...done.
Initiating h2o clusters...
     Training Model for Variable Selection Step...
Model training time:24.82mins
   Running model with variables accounting for 80% of VarImp...
     Training Actual Model...
Model training time:31.87mins
Probability Model AUC: 0.8279
Writing model results to disk...
     ...done.
Done. Total PROBABILITY model time: 1.19hours
Probability modeling output written to data/processing steps/p11_prob_of_sale_model_radii.rds

> # sale price model --------------------------------------------------------
> 
> # base data
> run_sales_model(model_data_infile = "data/processing  ..." ... [TRUNCATED] 

#============= SALES model: BASE DATA =================#
Reading base data...
     ...done.
Initiating h2o clusters...
     Training Model for Variable Selection Step...
     Model training time:3.44mins
     Running model with variables accounting for 80% of VarImp...
     Training Actual Model...
Model training time:9.13mins
MODEL RMSE: 287.7745
Writing model results to disk...
     ...done.
Done. Total SALES model time: 14.3mins
SALES modeling output written to data/processing steps/p12_sale_price_model_base.rds

> # zipcode data
> run_sales_model(model_data_infile = "data/processing steps/p07_zipcode_model_data.rds"
+                 , outfile = "data/processi ..." ... [TRUNCATED] 

#============= SALES model: ZIPCODE DATA =================#
Reading base data...
     ...done.
Initiating h2o clusters...
     Training Model for Variable Selection Step...
     Model training time:4.66mins
     Running model with variables accounting for 80% of VarImp...
     Training Actual Model...
Model training time:11.68mins
MODEL RMSE: 303.2963
Writing model results to disk...
     ...done.
Done. Total SALES model time: 17.93mins
SALES modeling output written to data/processing steps/p13_sale_price_model_zipcode.rds

> # radii data
> run_sales_model(model_data_infile = "data/processing steps/p08_radii_model_data.rds"
+                 , outfile = "data/processing s ..." ... [TRUNCATED] 

#============= SALES model: RADII DATA =================#
Reading base data...
     ...done.
Initiating h2o clusters...
     Training Model for Variable Selection Step...
     Model training time:2.72mins
     Running model with variables accounting for 80% of VarImp...
     Training Actual Model...
Model training time:11.53mins
MODEL RMSE: 300.3067
Writing model results to disk...
     ...done.
Done. Total SALES model time: 16.44mins
SALES modeling output written to data/processing steps/p14_sale_price_model_radii.rds

> # Evaluate model output ---------------------------------------------------
> evaluate_probability_models(base_data_infile = "data/processing steps/ ..." ... [TRUNCATED] 

 Evaluating base PROBABILITY model...

 Evaluating zipcode PROBABILITY model...

 Evaluating radii PROBABILITY model...

 Writing probability model evaluations to data/processing steps/p15_prob_model_evaluations.rds
# A tibble: 1 x 4
   type      base       Zip     Radii
  <chr>     <dbl>     <dbl>     <dbl>
1  Prob 0.8300389 0.8246017 0.8279034

> evalutate_sales_models(base_data_infile = "data/processing steps/p12_sale_price_model_base.rds"
+                        , zip_data_infile = "data/p ..." ... [TRUNCATED] 

 Evaluating base SALES model...

 Evaluating zip SALES model...

 Evaluating radii SALES model...

Writing sales model evaluations to data/processing steps/p16_sales_model_evaluations.rds

> # wrapping up -------------------------------------------------------------
> # copy model results to analysis folder
> file.copy(from = "data/proce ..." ... [TRUNCATED] 
[1] TRUE

> file.copy(from = "data/processing steps/p16_sales_model_evaluations.rds"
+           , to = "analysis/results/p16_sales_model_evaluations.rds"
+     .... [TRUNCATED] 
[1] TRUE

> c("data/processing steps/p09_prob_of_sale_model_base.rds"
+   , "data/processing steps/p10_prob_of_sale_model_zipcode.rds"
+   , "data/processing st ..." ... [TRUNCATED] 
[[1]]
[1] TRUE

[[2]]
[1] TRUE

[[3]]
[1] TRUE


> c("data/processing steps/p12_sale_price_model_base.rds"
+   , "data/processing steps/p13_sale_price_model_zipcode.rds"
+   , "data/processing steps/ ..." ... [TRUNCATED] 
[[1]]
[1] TRUE

[[2]]
[1] TRUE

[[3]]
[1] TRUE


> script_end <- Sys.time()

> message("Program Total Run Time: ", round(script_end - script_start,2), units(script_end - script_start))
Program Total Run Time: 8.66hours
There were 12 warnings (use warnings() to see them)